Archive member included because of file (symbol)

C:/cygwin/GNUARM-4.1.0/arm-elf/lib/libc.a(memcpy.o)
                              Lcd.o (memcpy)
C:/cygwin/GNUARM-4.1.0/arm-elf/lib/libc.a(rand.o)
                              Main.o (rand)
C:/cygwin/GNUARM-4.1.0/arm-elf/lib/libc.a(vsprintf.o)
                              Uart.o (vsprintf)
C:/cygwin/GNUARM-4.1.0/arm-elf/lib/libc.a(impure.o)
                              C:/cygwin/GNUARM-4.1.0/arm-elf/lib/libc.a(rand.o) (_impure_ptr)
C:/cygwin/GNUARM-4.1.0/arm-elf/lib/libc.a(vfprintf.o)
                              C:/cygwin/GNUARM-4.1.0/arm-elf/lib/libc.a(vsprintf.o) (_vfprintf_r)
C:/cygwin/GNUARM-4.1.0/arm-elf/lib/libc.a(wcrtomb.o)
                              C:/cygwin/GNUARM-4.1.0/arm-elf/lib/libc.a(vfprintf.o) (_wcrtomb_r)
C:/cygwin/GNUARM-4.1.0/arm-elf/lib/libc.a(wcsrtombs.o)
                              C:/cygwin/GNUARM-4.1.0/arm-elf/lib/libc.a(vfprintf.o) (_wcsrtombs_r)
C:/cygwin/GNUARM-4.1.0/arm-elf/lib/libc.a(wctomb_r.o)
                              C:/cygwin/GNUARM-4.1.0/arm-elf/lib/libc.a(wcrtomb.o) (_wctomb_r)
C:/cygwin/GNUARM-4.1.0/arm-elf/lib/libc.a(wsetup.o)
                              C:/cygwin/GNUARM-4.1.0/arm-elf/lib/libc.a(vfprintf.o) (__swsetup)
C:/cygwin/GNUARM-4.1.0/arm-elf/lib/libc.a(dtoa.o)
                              C:/cygwin/GNUARM-4.1.0/arm-elf/lib/libc.a(vfprintf.o) (_dtoa_r)
C:/cygwin/GNUARM-4.1.0/arm-elf/lib/libc.a(fflush.o)
                              C:/cygwin/GNUARM-4.1.0/arm-elf/lib/libc.a(vfprintf.o) (fflush)
C:/cygwin/GNUARM-4.1.0/arm-elf/lib/libc.a(findfp.o)
                              C:/cygwin/GNUARM-4.1.0/arm-elf/lib/libc.a(vfprintf.o) (__sinit)
C:/cygwin/GNUARM-4.1.0/arm-elf/lib/libc.a(freer.o)
                              C:/cygwin/GNUARM-4.1.0/arm-elf/lib/libc.a(vfprintf.o) (_free_r)
C:/cygwin/GNUARM-4.1.0/arm-elf/lib/libc.a(fvwrite.o)
                              C:/cygwin/GNUARM-4.1.0/arm-elf/lib/libc.a(vfprintf.o) (__sfvwrite)
C:/cygwin/GNUARM-4.1.0/arm-elf/lib/libc.a(fwalk.o)
                              C:/cygwin/GNUARM-4.1.0/arm-elf/lib/libc.a(fflush.o) (_fwalk)
C:/cygwin/GNUARM-4.1.0/arm-elf/lib/libc.a(locale.o)
                              C:/cygwin/GNUARM-4.1.0/arm-elf/lib/libc.a(vfprintf.o) (localeconv)
C:/cygwin/GNUARM-4.1.0/arm-elf/lib/libc.a(makebuf.o)
                              C:/cygwin/GNUARM-4.1.0/arm-elf/lib/libc.a(wsetup.o) (__smakebuf)
C:/cygwin/GNUARM-4.1.0/arm-elf/lib/libc.a(mallocr.o)
                              C:/cygwin/GNUARM-4.1.0/arm-elf/lib/libc.a(vfprintf.o) (_malloc_r)
C:/cygwin/GNUARM-4.1.0/arm-elf/lib/libc.a(memchr.o)
                              C:/cygwin/GNUARM-4.1.0/arm-elf/lib/libc.a(vfprintf.o) (memchr)
C:/cygwin/GNUARM-4.1.0/arm-elf/lib/libc.a(memmove.o)
                              C:/cygwin/GNUARM-4.1.0/arm-elf/lib/libc.a(fvwrite.o) (memmove)
C:/cygwin/GNUARM-4.1.0/arm-elf/lib/libc.a(memset.o)
                              C:/cygwin/GNUARM-4.1.0/arm-elf/lib/libc.a(vfprintf.o) (memset)
C:/cygwin/GNUARM-4.1.0/arm-elf/lib/libc.a(mlock.o)
                              C:/cygwin/GNUARM-4.1.0/arm-elf/lib/libc.a(freer.o) (__malloc_lock)
C:/cygwin/GNUARM-4.1.0/arm-elf/lib/libc.a(mprec.o)
                              C:/cygwin/GNUARM-4.1.0/arm-elf/lib/libc.a(dtoa.o) (_Bfree)
C:/cygwin/GNUARM-4.1.0/arm-elf/lib/libc.a(reallocr.o)
                              C:/cygwin/GNUARM-4.1.0/arm-elf/lib/libc.a(fvwrite.o) (_realloc_r)
C:/cygwin/GNUARM-4.1.0/arm-elf/lib/libc.a(s_isinf.o)
                              C:/cygwin/GNUARM-4.1.0/arm-elf/lib/libc.a(vfprintf.o) (isinf)
C:/cygwin/GNUARM-4.1.0/arm-elf/lib/libc.a(s_isnan.o)
                              C:/cygwin/GNUARM-4.1.0/arm-elf/lib/libc.a(vfprintf.o) (isnan)
C:/cygwin/GNUARM-4.1.0/arm-elf/lib/libc.a(sbrkr.o)
                              C:/cygwin/GNUARM-4.1.0/arm-elf/lib/libc.a(freer.o) (_sbrk_r)
C:/cygwin/GNUARM-4.1.0/arm-elf/lib/libc.a(stdio.o)
                              C:/cygwin/GNUARM-4.1.0/arm-elf/lib/libc.a(findfp.o) (__sclose)
C:/cygwin/GNUARM-4.1.0/arm-elf/lib/libc.a(strcmp.o)
                              C:/cygwin/GNUARM-4.1.0/arm-elf/lib/libc.a(wctomb_r.o) (strcmp)
C:/cygwin/GNUARM-4.1.0/arm-elf/lib/libc.a(strlen.o)
                              C:/cygwin/GNUARM-4.1.0/arm-elf/lib/libc.a(vfprintf.o) (strlen)
C:/cygwin/GNUARM-4.1.0/arm-elf/lib/libc.a(syscalls.o)
                              C:/cygwin/GNUARM-4.1.0/arm-elf/lib/libc.a(makebuf.o) (isatty)
C:/cygwin/GNUARM-4.1.0/arm-elf/lib/libc.a(writer.o)
                              C:/cygwin/GNUARM-4.1.0/arm-elf/lib/libc.a(stdio.o) (_write_r)
C:/cygwin/GNUARM-4.1.0/arm-elf/lib/libc.a(callocr.o)
                              C:/cygwin/GNUARM-4.1.0/arm-elf/lib/libc.a(mprec.o) (_calloc_r)
C:/cygwin/GNUARM-4.1.0/arm-elf/lib/libc.a(closer.o)
                              C:/cygwin/GNUARM-4.1.0/arm-elf/lib/libc.a(stdio.o) (_close_r)
C:/cygwin/GNUARM-4.1.0/arm-elf/lib/libc.a(errno.o)
                              C:/cygwin/GNUARM-4.1.0/arm-elf/lib/libc.a(syscalls.o) (__errno)
C:/cygwin/GNUARM-4.1.0/arm-elf/lib/libc.a(fclose.o)
                              C:/cygwin/GNUARM-4.1.0/arm-elf/lib/libc.a(findfp.o) (fclose)
C:/cygwin/GNUARM-4.1.0/arm-elf/lib/libc.a(fstatr.o)
                              C:/cygwin/GNUARM-4.1.0/arm-elf/lib/libc.a(makebuf.o) (_fstat_r)
C:/cygwin/GNUARM-4.1.0/arm-elf/lib/libc.a(lseekr.o)
                              C:/cygwin/GNUARM-4.1.0/arm-elf/lib/libc.a(stdio.o) (_lseek_r)
C:/cygwin/GNUARM-4.1.0/arm-elf/lib/libc.a(readr.o)
                              C:/cygwin/GNUARM-4.1.0/arm-elf/lib/libc.a(stdio.o) (_read_r)
C:/cygwin/GNUARM-4.1.0/arm-elf/lib/libc.a(reent.o)
                              C:/cygwin/GNUARM-4.1.0/arm-elf/lib/libc.a(sbrkr.o) (errno)
C:/cygwin/GNUARM-4.1.0/lib/gcc/arm-elf/4.1.0/libgcc.a(_udivsi3.o)
                              Lcd.o (__udivsi3)
C:/cygwin/GNUARM-4.1.0/lib/gcc/arm-elf/4.1.0/libgcc.a(_dvmd_tls.o)
                              C:/cygwin/GNUARM-4.1.0/lib/gcc/arm-elf/4.1.0/libgcc.a(_udivsi3.o) (__div0)
C:/cygwin/GNUARM-4.1.0/lib/gcc/arm-elf/4.1.0/libgcc.a(_addsubdf3.o)
                              C:/cygwin/GNUARM-4.1.0/arm-elf/lib/libc.a(dtoa.o) (__subdf3)
C:/cygwin/GNUARM-4.1.0/lib/gcc/arm-elf/4.1.0/libgcc.a(_muldivdf3.o)
                              Timer.o (__muldf3)
C:/cygwin/GNUARM-4.1.0/lib/gcc/arm-elf/4.1.0/libgcc.a(_cmpdf2.o)
                              C:/cygwin/GNUARM-4.1.0/arm-elf/lib/libc.a(dtoa.o) (__gtdf2)
C:/cygwin/GNUARM-4.1.0/lib/gcc/arm-elf/4.1.0/libgcc.a(_fixdfsi.o)
                              C:/cygwin/GNUARM-4.1.0/arm-elf/lib/libc.a(dtoa.o) (__fixdfsi)
C:/cygwin/GNUARM-4.1.0/lib/gcc/arm-elf/4.1.0/libgcc.a(_fixunsdfsi.o)
                              Timer.o (__fixunsdfsi)

Allocating common symbols
Common symbol       size              file

errno               0x4               C:/cygwin/GNUARM-4.1.0/arm-elf/lib/libc.a(reent.o)

Memory Configuration

Name             Origin             Length             Attributes
CODE             0x30000000         0x04000000         rw
_ISR_START       0x33ffff00         0x00000100         rw
*default*        0x00000000         0xffffffff

Linker script and memory map


.text           0x30000000     0xc8e8
 *s3c2450_startup.o(.text)
 .text          0x30000000      0x2e0 s3c2450_startup.o
                0x300000b0                ResetHandler
                0x300001c0                IsrIRQ
                0x30000000                _start
 *(.text)
 .text          0x300002e0      0x3d0 Timer.o
                0x3000033c                Timer_Delay
                0x300005a4                ElapseTimer_Start
                0x30000670                ElapseTimer_Stop
                0x300002e0                Timer_Init
                0x300004f4                Timer3_Countup_Stop
                0x300003f8                Timer3_Init
                0x30000544                Timer3_ISR_Enable
                0x30000480                Timer3_Countup_Start
                0x3000051c                Timer3_Isr_Init
 .text          0x300006b0      0x2f4 Uart.o
                0x300007b8                Uart_Printf
                0x3000084c                Uart_Send_Byte
                0x300008bc                Uart_GetChar
                0x300008f8                Uart_GetCh
                0x3000091c                Uart_TxEmpty
                0x30000804                Uart_Send_String
                0x300006b0                Uart_Init
                0x3000094c                Uart_GetKey
 .text          0x300009a4      0x3e0 Key.o
                0x30000a6c                Key_IRQ_Port_Init
                0x30000d58                Key_Wait_Get_Released
                0x300009a4                Key_Port_Init
                0x30000b70                Key_Get_Pressed
                0x30000d24                Key_Wait_Get_Pressed
 .text          0x30000d84       0x44 Touch.o
                0x30000d84                Touch_Init
 .text          0x30000dc8     0x161c Lcd.o
                0x30000ec8                NonPal_Lcd_Init
                0x30000dc8                Lcd_Port_Init
                0x300014e8                Lcd_Han_Putch
                0x300013d4                Lcd_Puts
                0x3000135c                Lcd_Printf
                0x30001e7c                Lcd_Eng_Putch
                0x30000fe4                NonPal_Put_Pixel
                0x3000103c                Lcd_Draw_BMP
 .text          0x300023e4      0x10c buzzer.o
                0x30002438                Buzzer_Beep
                0x300023e4                Buzzer_Init
 .text          0x300024f0     0x21d4 Main.o
                0x300028a8                print
                0x30003a60                menu
                0x30003488                argo2
                0x30004550                Main
                0x30003940                argo0
                0x30002dc0                In3
                0x300024f0                Key_ISR
                0x300040d0                __TS1
                0x30003098                argo1
                0x30003c10                m2
                0x30002cf8                In2
                0x30003fa4                __DrawingTic
                0x30004204                __TouchIn
                0x30002bcc                In
                0x30003ad4                m1
                0x30002704                Touch_ISR
                0x30003d98                m3
                0x30002e04                vic
 .text          0x300046c4       0xa0 C:/cygwin/GNUARM-4.1.0/arm-elf/lib/libc.a(memcpy.o)
                0x300046c4                memcpy
 .text          0x30004764       0x78 C:/cygwin/GNUARM-4.1.0/arm-elf/lib/libc.a(rand.o)
                0x30004780                rand
                0x30004764                srand
 .text          0x300047dc       0xac C:/cygwin/GNUARM-4.1.0/arm-elf/lib/libc.a(vsprintf.o)
                0x30004828                vsprintf
                0x300047dc                _vsprintf_r
 .text          0x30004888     0x1f20 C:/cygwin/GNUARM-4.1.0/arm-elf/lib/libc.a(vfprintf.o)
                0x300048c8                _vfprintf_r
                0x3000677c                vfprintf
 .text          0x300067a8       0x80 C:/cygwin/GNUARM-4.1.0/arm-elf/lib/libc.a(wcrtomb.o)
                0x300067a8                _wcrtomb_r
                0x300067fc                wcrtomb
 .text          0x30006828      0x178 C:/cygwin/GNUARM-4.1.0/arm-elf/lib/libc.a(wcsrtombs.o)
                0x30006828                _wcsrtombs_r
                0x30006960                wcsrtombs
 .text          0x300069a0      0x420 C:/cygwin/GNUARM-4.1.0/arm-elf/lib/libc.a(wctomb_r.o)
                0x300069a0                _wctomb_r
 .text          0x30006dc0       0xfc C:/cygwin/GNUARM-4.1.0/arm-elf/lib/libc.a(wsetup.o)
                0x30006dc0                __swsetup
 .text          0x30006ebc     0x164c C:/cygwin/GNUARM-4.1.0/arm-elf/lib/libc.a(dtoa.o)
                0x300070c0                _dtoa_r
 .text          0x30008508       0xe0 C:/cygwin/GNUARM-4.1.0/arm-elf/lib/libc.a(fflush.o)
                0x30008508                fflush
 .text          0x300085e8      0x27c C:/cygwin/GNUARM-4.1.0/arm-elf/lib/libc.a(findfp.o)
                0x30008654                __sinit
                0x30008728                __sfmoreglue
                0x30008718                _cleanup
                0x3000870c                _cleanup_r
                0x300086f4                __fp_lock_all
                0x30008644                __sfp_lock_acquire
                0x30008778                __sfp
                0x30008650                __sinit_lock_release
                0x300086dc                __fp_unlock_all
                0x30008648                __sfp_lock_release
                0x3000864c                __sinit_lock_acquire
 .text          0x30008864      0x39c C:/cygwin/GNUARM-4.1.0/arm-elf/lib/libc.a(freer.o)
                0x30008960                _free_r
                0x30008864                _malloc_trim_r
 .text          0x30008c00      0x3f8 C:/cygwin/GNUARM-4.1.0/arm-elf/lib/libc.a(fvwrite.o)
                0x30008c00                __sfvwrite
 .text          0x30008ff8      0x10c C:/cygwin/GNUARM-4.1.0/arm-elf/lib/libc.a(fwalk.o)
                0x30009080                _fwalk
                0x30008ff8                _fwalk_reent
 .text          0x30009104       0xac C:/cygwin/GNUARM-4.1.0/arm-elf/lib/libc.a(locale.o)
                0x30009130                _setlocale_r
                0x30009104                __locale_charset
                0x30009114                _localeconv_r
                0x30009194                setlocale
                0x30009120                localeconv
 .text          0x300091b0      0x154 C:/cygwin/GNUARM-4.1.0/arm-elf/lib/libc.a(makebuf.o)
                0x300091b0                __smakebuf
 .text          0x30009304      0x770 C:/cygwin/GNUARM-4.1.0/arm-elf/lib/libc.a(mallocr.o)
                0x30009304                _malloc_r
 .text          0x30009a74      0x104 C:/cygwin/GNUARM-4.1.0/arm-elf/lib/libc.a(memchr.o)
                0x30009a74                memchr
 .text          0x30009b78       0xfc C:/cygwin/GNUARM-4.1.0/arm-elf/lib/libc.a(memmove.o)
                0x30009b78                memmove
 .text          0x30009c74       0x98 C:/cygwin/GNUARM-4.1.0/arm-elf/lib/libc.a(memset.o)
                0x30009c74                memset
 .text          0x30009d0c        0x8 C:/cygwin/GNUARM-4.1.0/arm-elf/lib/libc.a(mlock.o)
                0x30009d10                __malloc_unlock
                0x30009d0c                __malloc_lock
 .text          0x30009d14      0xbb0 C:/cygwin/GNUARM-4.1.0/arm-elf/lib/libc.a(mprec.o)
                0x3000a008                _mprec_log10
                0x30009d30                _hi0bits
                0x3000a054                _Balloc
                0x3000a0ec                _d2b
                0x3000a448                _multiply
                0x30009f90                _ratio
                0x3000a7e4                _s2b
                0x3000a608                _i2b
                0x30009d88                _lo0bits
                0x30009e1c                __mcmp
                0x3000a6f0                _pow5mult
                0x30009e7c                _ulp
                0x30009edc                _b2d
                0x3000a628                _multadd
                0x3000a220                __mdiff
                0x3000a354                _lshift
                0x30009d14                _Bfree
 .text          0x3000a8c4      0x638 C:/cygwin/GNUARM-4.1.0/arm-elf/lib/libc.a(reallocr.o)
                0x3000a8c4                _realloc_r
 .text          0x3000aefc       0x3c C:/cygwin/GNUARM-4.1.0/arm-elf/lib/libc.a(s_isinf.o)
                0x3000aefc                isinf
 .text          0x3000af38       0x30 C:/cygwin/GNUARM-4.1.0/arm-elf/lib/libc.a(s_isnan.o)
                0x3000af38                isnan
 .text          0x3000af68       0x38 C:/cygwin/GNUARM-4.1.0/arm-elf/lib/libc.a(sbrkr.o)
                0x3000af68                _sbrk_r
 .text          0x3000afa0      0x100 C:/cygwin/GNUARM-4.1.0/arm-elf/lib/libc.a(stdio.o)
                0x3000afb4                __sseek
                0x3000b05c                __sread
                0x3000afa0                __sclose
                0x3000affc                __swrite
 .text          0x3000b0a0       0xd0 C:/cygwin/GNUARM-4.1.0/arm-elf/lib/libc.a(strcmp.o)
                0x3000b0a0                strcmp
 .text          0x3000b170       0x90 C:/cygwin/GNUARM-4.1.0/arm-elf/lib/libc.a(strlen.o)
                0x3000b170                strlen
 .text          0x3000b200      0x708 C:/cygwin/GNUARM-4.1.0/arm-elf/lib/libc.a(syscalls.o)
                0x3000b230                _getpid
                0x3000b38c                initialise_monitor_handles
                0x3000b24c                isatty
                0x3000b2e0                _fstat
                0x3000b7e4                _open
                0x3000b28c                _sbrk
                0x3000b248                _raise
                0x3000b448                _times
                0x3000b804                _stat
                0x3000b854                _lseek
                0x3000b238                _link
                0x3000b560                _swiwrite
                0x3000b254                _rename
                0x3000b59c                _swilseek
                0x3000b514                _swiclose
                0x3000b6b0                _swiopen
                0x3000b240                _unlink
                0x3000b758                _write
                0x3000b4cc                _kill
                0x3000b484                _gettimeofday
                0x3000b8a0                _read
                0x3000b4f4                _exit
                0x3000b26c                _system
                0x3000b864                _swiread
                0x3000b7d4                _close
 .text          0x3000b908       0x40 C:/cygwin/GNUARM-4.1.0/arm-elf/lib/libc.a(writer.o)
                0x3000b908                _write_r
 .text          0x3000b948       0xa0 C:/cygwin/GNUARM-4.1.0/arm-elf/lib/libc.a(callocr.o)
                0x3000b948                _calloc_r
 .text          0x3000b9e8       0x38 C:/cygwin/GNUARM-4.1.0/arm-elf/lib/libc.a(closer.o)
                0x3000b9e8                _close_r
 .text          0x3000ba20       0x10 C:/cygwin/GNUARM-4.1.0/arm-elf/lib/libc.a(errno.o)
                0x3000ba20                __errno
 .text          0x3000ba30      0x128 C:/cygwin/GNUARM-4.1.0/arm-elf/lib/libc.a(fclose.o)
                0x3000ba30                _fclose_r
                0x3000bb44                fclose
 .text          0x3000bb58       0x3c C:/cygwin/GNUARM-4.1.0/arm-elf/lib/libc.a(fstatr.o)
                0x3000bb58                _fstat_r
 .text          0x3000bb94       0x40 C:/cygwin/GNUARM-4.1.0/arm-elf/lib/libc.a(lseekr.o)
                0x3000bb94                _lseek_r
 .text          0x3000bbd4       0x40 C:/cygwin/GNUARM-4.1.0/arm-elf/lib/libc.a(readr.o)
                0x3000bbd4                _read_r
 .text          0x3000bc14      0x178 C:/cygwin/GNUARM-4.1.0/arm-elf/lib/libc.a(reent.o)
                0x3000bc8c                cleanup_glue
                0x3000bcb4                _reclaim_reent
                0x3000bc14                _wrapup_reent
 .text          0x3000bd8c      0x110 C:/cygwin/GNUARM-4.1.0/lib/gcc/arm-elf/4.1.0/libgcc.a(_udivsi3.o)
                0x3000bd8c                __udivsi3
                0x3000bd8c                __aeabi_uidiv
                0x3000be84                __aeabi_uidivmod
 .text          0x3000be9c        0x4 C:/cygwin/GNUARM-4.1.0/lib/gcc/arm-elf/4.1.0/libgcc.a(_dvmd_tls.o)
                0x3000be9c                __aeabi_ldiv0
                0x3000be9c                __div0
                0x3000be9c                __aeabi_idiv0
 .text          0x3000bea0      0x400 C:/cygwin/GNUARM-4.1.0/lib/gcc/arm-elf/4.1.0/libgcc.a(_addsubdf3.o)
                0x3000c234                __floatdidf
                0x3000c1b4                __floatsidf
                0x3000c18c                __aeabi_ui2d
                0x3000bea0                __aeabi_drsub
                0x3000c1e0                __extendsfdf2
                0x3000beac                __adddf3
                0x3000c18c                __floatunsidf
                0x3000beac                __aeabi_dadd
                0x3000c220                __aeabi_ul2d
                0x3000bea8                __aeabi_dsub
                0x3000c220                __floatundidf
                0x3000c1b4                __aeabi_i2d
                0x3000c234                __aeabi_l2d
                0x3000c1e0                __aeabi_f2d
                0x3000bea8                __subdf3
 .text          0x3000c2a0      0x470 C:/cygwin/GNUARM-4.1.0/lib/gcc/arm-elf/4.1.0/libgcc.a(_muldivdf3.o)
                0x3000c50c                __aeabi_ddiv
                0x3000c2a0                __aeabi_dmul
                0x3000c50c                __divdf3
                0x3000c2a0                __muldf3
 .text          0x3000c710      0x128 C:/cygwin/GNUARM-4.1.0/lib/gcc/arm-elf/4.1.0/libgcc.a(_cmpdf2.o)
                0x3000c7fc                __aeabi_dcmple
                0x3000c720                __cmpdf2
                0x3000c720                __eqdf2
                0x3000c710                __gtdf2
                0x3000c7c0                __aeabi_cdcmple
                0x3000c7a4                __aeabi_cdrcmple
                0x3000c718                __ltdf2
                0x3000c7e8                __aeabi_dcmplt
                0x3000c718                __ledf2
                0x3000c824                __aeabi_dcmpgt
                0x3000c810                __aeabi_dcmpge
                0x3000c720                __nedf2
                0x3000c7d4                __aeabi_dcmpeq
                0x3000c7c0                __aeabi_cdcmpeq
                0x3000c710                __gedf2
 .text          0x3000c838       0x5c C:/cygwin/GNUARM-4.1.0/lib/gcc/arm-elf/4.1.0/libgcc.a(_fixdfsi.o)
                0x3000c838                __fixdfsi
                0x3000c838                __aeabi_d2iz
 .text          0x3000c894       0x54 C:/cygwin/GNUARM-4.1.0/lib/gcc/arm-elf/4.1.0/libgcc.a(_fixunsdfsi.o)
                0x3000c894                __fixunsdfsi
                0x3000c894                __aeabi_d2uiz
                0x3000c8e8                . = ALIGN (0x4)

.glue_7         0x3000c8e8        0x0

.glue_7t        0x3000c8e8        0x0

.rodata         0x3000c8e8     0x865c
                0x3000c8e8                rodata_start_addr = .
 *(.rodata)
 .rodata        0x3000c8e8        0xc Key.o
 .rodata        0x3000c8f4     0x8219 Lcd.o
                0x3000c8f4                eng8x16
                0x3000d8f4                han16x16
                0x300105f5                HanTable
 *fill*         0x30014b0d        0x3 00
 .rodata        0x30014b10      0x210 Main.o
 .rodata        0x30014d20        0x4 C:/cygwin/GNUARM-4.1.0/arm-elf/lib/libc.a(impure.o)
                0x30014d20                _global_impure_ptr
 .rodata        0x30014d24       0x20 C:/cygwin/GNUARM-4.1.0/arm-elf/lib/libc.a(vfprintf.o)
 .rodata        0x30014d44       0x34 C:/cygwin/GNUARM-4.1.0/arm-elf/lib/libc.a(locale.o)
 .rodata        0x30014d78      0x124 C:/cygwin/GNUARM-4.1.0/arm-elf/lib/libc.a(mprec.o)
                0x30014e68                __mprec_tinytens
                0x30014d78                __mprec_tens
                0x30014e40                __mprec_bigtens
 *(.rodata.*)
 .rodata.str1.4
                0x30014e9c        0x2 C:/cygwin/GNUARM-4.1.0/arm-elf/lib/libc.a(impure.o)
                                  0x4 (size before relaxing)
 *fill*         0x30014e9e        0x2 00
 .rodata.str1.4
                0x30014ea0       0x63 C:/cygwin/GNUARM-4.1.0/arm-elf/lib/libc.a(vfprintf.o)
                                 0x64 (size before relaxing)
 *fill*         0x30014f03        0x1 00
 .rodata.str1.4
                0x30014f04       0x1e C:/cygwin/GNUARM-4.1.0/arm-elf/lib/libc.a(wctomb_r.o)
                                 0x20 (size before relaxing)
 *fill*         0x30014f22        0x2 00
 .rodata.str1.4
                0x30014f24       0x10 C:/cygwin/GNUARM-4.1.0/arm-elf/lib/libc.a(dtoa.o)
                                 0x14 (size before relaxing)
 .rodata.str1.4
                0x30014f34        0xb C:/cygwin/GNUARM-4.1.0/arm-elf/lib/libc.a(locale.o)
                                 0x18 (size before relaxing)
 *fill*         0x30014f3f        0x1 00
 .rodata.str1.4
                0x30014f40        0x4 C:/cygwin/GNUARM-4.1.0/arm-elf/lib/libc.a(syscalls.o)
                0x30014f44                . = ALIGN (0x4)
                0x30014f44                rodata_end_addr = .

.data           0x30014f44    0xcfc64
                0x30014f44                data_start_addr = .
                0x30014f44                __DATA_START__ = .
 *(.data)
 .data          0x30014f44       0x93 Lcd.o
 *fill*         0x30014fd7        0x1 00
 .data          0x30014fd8    0xcf3ac Main.o
                0x300e437c                resetCheck
                0x30014fd8                ac
                0x30084944                innn
                0x30044d0e                e
 .data          0x300e4384      0x404 C:/cygwin/GNUARM-4.1.0/arm-elf/lib/libc.a(impure.o)
                0x300e4384                _impure_ptr
 .data          0x300e4788       0x10 C:/cygwin/GNUARM-4.1.0/arm-elf/lib/libc.a(locale.o)
                0x300e4788                __mb_cur_max
                0x300e478c                __lc_ctype
 .data          0x300e4798      0x410 C:/cygwin/GNUARM-4.1.0/arm-elf/lib/libc.a(mallocr.o)
                0x300e4ba4                __malloc_sbrk_base
                0x300e4798                __malloc_av_
                0x300e4ba0                __malloc_trim_threshold
 *(.data.*)
                0x300e4ba8                . = ALIGN (0x8)
                0x300e4ba8                data_end_addr = .
                0x300e4ba8                __DATA_END__ = .

.bss            0x300e4ba8      0x138
                0x300e4ba8                bss_start_addr = .
                0x300e4ba8                __BSS_START__ = .
 *(.bss)
 .bss           0x300e4ba8       0x18 Lcd.o
 .bss           0x300e4bc0       0x28 Main.o
                0x300e4be0                ADC_x
                0x300e4be4                ADC_y
                0x300e4bc4                Touch_Pressed
                0x300e4bc0                Key_Value
 .bss           0x300e4be8        0xc C:/cygwin/GNUARM-4.1.0/arm-elf/lib/libc.a(locale.o)
                0x300e4be8                __nlocale_changed
                0x300e4bec                __mlocale_changed
                0x300e4bf0                _PathLocale
 .bss           0x300e4bf4       0x34 C:/cygwin/GNUARM-4.1.0/arm-elf/lib/libc.a(mallocr.o)
                0x300e4bf4                __malloc_top_pad
                0x300e4bf8                __malloc_max_sbrked_mem
                0x300e4c00                __malloc_current_mallinfo
                0x300e4bfc                __malloc_max_total_mem
 .bss           0x300e4c28       0xb0 C:/cygwin/GNUARM-4.1.0/arm-elf/lib/libc.a(syscalls.o)
 *(.bss.*)
 *(COMMON)
 COMMON         0x300e4cd8        0x4 C:/cygwin/GNUARM-4.1.0/arm-elf/lib/libc.a(reent.o)
                0x300e4cd8                errno
                0x300e4ce0                . = ALIGN (0x8)
 *fill*         0x300e4cdc        0x4 00
                0x300e4ce0                bss_end_addr = .
                0x300e4ce0                __BSS_END__ = .
                0x300e4ce0                end = .
                0x300e4ce0                PROVIDE (end, .)

.int_vec        0x33ffff00       0x24
 s3c2450_startup.o(int_vect)
 int_vect       0x33ffff00       0x24 s3c2450_startup.o
LOAD Timer.o
LOAD Uart.o
LOAD Key.o
LOAD Touch.o
LOAD Lcd.o
LOAD buzzer.o
LOAD Main.o
LOAD s3c2450_startup.o
LOAD C:/cygwin/GNUARM-4.1.0/arm-elf/lib/libc.a
LOAD C:/cygwin/GNUARM-4.1.0/lib/gcc/arm-elf/4.1.0/libgcc.a
OUTPUT(MDS2450 elf32-littlearm)

.debug_line     0x00000000     0x4702
 .debug_line    0x00000000       0xb3 s3c2450_startup.o
 .debug_line    0x000000b3       0x6a Timer.o
 .debug_line    0x0000011d       0x6e Uart.o
 .debug_line    0x0000018b       0x63 Key.o
 .debug_line    0x000001ee       0x36 Touch.o
 .debug_line    0x00000224      0x1a2 Lcd.o
 .debug_line    0x000003c6       0x43 buzzer.o
 .debug_line    0x00000409      0x20e Main.o
 .debug_line    0x00000617       0xc5 C:/cygwin/GNUARM-4.1.0/arm-elf/lib/libc.a(memcpy.o)
 .debug_line    0x000006dc       0xf3 C:/cygwin/GNUARM-4.1.0/arm-elf/lib/libc.a(rand.o)
 .debug_line    0x000007cf      0x151 C:/cygwin/GNUARM-4.1.0/arm-elf/lib/libc.a(vsprintf.o)
 .debug_line    0x00000920       0xdd C:/cygwin/GNUARM-4.1.0/arm-elf/lib/libc.a(impure.o)
 .debug_line    0x000009fd      0x529 C:/cygwin/GNUARM-4.1.0/arm-elf/lib/libc.a(vfprintf.o)
 .debug_line    0x00000f26      0x144 C:/cygwin/GNUARM-4.1.0/arm-elf/lib/libc.a(wcrtomb.o)
 .debug_line    0x0000106a      0x16a C:/cygwin/GNUARM-4.1.0/arm-elf/lib/libc.a(wcsrtombs.o)
 .debug_line    0x000011d4      0x1f4 C:/cygwin/GNUARM-4.1.0/arm-elf/lib/libc.a(wctomb_r.o)
 .debug_line    0x000013c8      0x142 C:/cygwin/GNUARM-4.1.0/arm-elf/lib/libc.a(wsetup.o)
 .debug_line    0x0000150a      0x446 C:/cygwin/GNUARM-4.1.0/arm-elf/lib/libc.a(dtoa.o)
 .debug_line    0x00001950      0x145 C:/cygwin/GNUARM-4.1.0/arm-elf/lib/libc.a(fflush.o)
 .debug_line    0x00001a95      0x1be C:/cygwin/GNUARM-4.1.0/arm-elf/lib/libc.a(findfp.o)
 .debug_line    0x00001c53      0x1a5 C:/cygwin/GNUARM-4.1.0/arm-elf/lib/libc.a(freer.o)
 .debug_line    0x00001df8      0x1dd C:/cygwin/GNUARM-4.1.0/arm-elf/lib/libc.a(fvwrite.o)
 .debug_line    0x00001fd5      0x145 C:/cygwin/GNUARM-4.1.0/arm-elf/lib/libc.a(fwalk.o)
 .debug_line    0x0000211a      0x147 C:/cygwin/GNUARM-4.1.0/arm-elf/lib/libc.a(locale.o)
 .debug_line    0x00002261      0x16f C:/cygwin/GNUARM-4.1.0/arm-elf/lib/libc.a(makebuf.o)
 .debug_line    0x000023d0      0x226 C:/cygwin/GNUARM-4.1.0/arm-elf/lib/libc.a(mallocr.o)
 .debug_line    0x000025f6       0xda C:/cygwin/GNUARM-4.1.0/arm-elf/lib/libc.a(memchr.o)
 .debug_line    0x000026d0       0xd5 C:/cygwin/GNUARM-4.1.0/arm-elf/lib/libc.a(memmove.o)
 .debug_line    0x000027a5       0xcd C:/cygwin/GNUARM-4.1.0/arm-elf/lib/libc.a(memset.o)
 .debug_line    0x00002872       0xef C:/cygwin/GNUARM-4.1.0/arm-elf/lib/libc.a(mlock.o)
 .debug_line    0x00002961      0x3e1 C:/cygwin/GNUARM-4.1.0/arm-elf/lib/libc.a(mprec.o)
 .debug_line    0x00002d42      0x1be C:/cygwin/GNUARM-4.1.0/arm-elf/lib/libc.a(reallocr.o)
 .debug_line    0x00002f00       0xed C:/cygwin/GNUARM-4.1.0/arm-elf/lib/libc.a(s_isinf.o)
 .debug_line    0x00002fed       0xea C:/cygwin/GNUARM-4.1.0/arm-elf/lib/libc.a(s_isnan.o)
 .debug_line    0x000030d7       0xf2 C:/cygwin/GNUARM-4.1.0/arm-elf/lib/libc.a(sbrkr.o)
 .debug_line    0x000031c9      0x163 C:/cygwin/GNUARM-4.1.0/arm-elf/lib/libc.a(stdio.o)
 .debug_line    0x0000332c       0x7e C:/cygwin/GNUARM-4.1.0/arm-elf/lib/libc.a(strcmp.o)
 .debug_line    0x000033aa       0xa9 C:/cygwin/GNUARM-4.1.0/arm-elf/lib/libc.a(strlen.o)
 .debug_line    0x00003453      0x2da C:/cygwin/GNUARM-4.1.0/arm-elf/lib/libc.a(syscalls.o)
 .debug_line    0x0000372d       0xf3 C:/cygwin/GNUARM-4.1.0/arm-elf/lib/libc.a(writer.o)
 .debug_line    0x00003820       0xfb C:/cygwin/GNUARM-4.1.0/arm-elf/lib/libc.a(callocr.o)
 .debug_line    0x0000391b       0xf3 C:/cygwin/GNUARM-4.1.0/arm-elf/lib/libc.a(closer.o)
 .debug_line    0x00003a0e       0xec C:/cygwin/GNUARM-4.1.0/arm-elf/lib/libc.a(errno.o)
 .debug_line    0x00003afa      0x144 C:/cygwin/GNUARM-4.1.0/arm-elf/lib/libc.a(fclose.o)
 .debug_line    0x00003c3e      0x13c C:/cygwin/GNUARM-4.1.0/arm-elf/lib/libc.a(fstatr.o)
 .debug_line    0x00003d7a       0xf3 C:/cygwin/GNUARM-4.1.0/arm-elf/lib/libc.a(lseekr.o)
 .debug_line    0x00003e6d       0xf2 C:/cygwin/GNUARM-4.1.0/arm-elf/lib/libc.a(readr.o)
 .debug_line    0x00003f5f      0x120 C:/cygwin/GNUARM-4.1.0/arm-elf/lib/libc.a(reent.o)
 .debug_line    0x0000407f       0x86 C:/cygwin/GNUARM-4.1.0/lib/gcc/arm-elf/4.1.0/libgcc.a(_udivsi3.o)
 .debug_line    0x00004105       0x5a C:/cygwin/GNUARM-4.1.0/lib/gcc/arm-elf/4.1.0/libgcc.a(_dvmd_tls.o)
 .debug_line    0x0000415f      0x1e5 C:/cygwin/GNUARM-4.1.0/lib/gcc/arm-elf/4.1.0/libgcc.a(_addsubdf3.o)
 .debug_line    0x00004344      0x1f6 C:/cygwin/GNUARM-4.1.0/lib/gcc/arm-elf/4.1.0/libgcc.a(_muldivdf3.o)
 .debug_line    0x0000453a       0xec C:/cygwin/GNUARM-4.1.0/lib/gcc/arm-elf/4.1.0/libgcc.a(_cmpdf2.o)
 .debug_line    0x00004626       0x6f C:/cygwin/GNUARM-4.1.0/lib/gcc/arm-elf/4.1.0/libgcc.a(_fixdfsi.o)
 .debug_line    0x00004695       0x6d C:/cygwin/GNUARM-4.1.0/lib/gcc/arm-elf/4.1.0/libgcc.a(_fixunsdfsi.o)

.debug_info     0x00000000    0x1841a
 .debug_info    0x00000000       0x4d s3c2450_startup.o
 .debug_info    0x0000004d      0x1ca Timer.o
 .debug_info    0x00000217      0x21d Uart.o
 .debug_info    0x00000434      0x131 Key.o
 .debug_info    0x00000565       0x5d Touch.o
 .debug_info    0x000005c2      0x727 Lcd.o
 .debug_info    0x00000ce9       0xc9 buzzer.o
 .debug_info    0x00000db2      0x72b Main.o
 .debug_info    0x000014dd      0x10a C:/cygwin/GNUARM-4.1.0/arm-elf/lib/libc.a(memcpy.o)
 .debug_info    0x000015e7      0x934 C:/cygwin/GNUARM-4.1.0/arm-elf/lib/libc.a(rand.o)
 .debug_info    0x00001f1b      0x9f3 C:/cygwin/GNUARM-4.1.0/arm-elf/lib/libc.a(vsprintf.o)
 .debug_info    0x0000290e      0x922 C:/cygwin/GNUARM-4.1.0/arm-elf/lib/libc.a(impure.o)
 .debug_info    0x00003230     0x10ee C:/cygwin/GNUARM-4.1.0/arm-elf/lib/libc.a(vfprintf.o)
 .debug_info    0x0000431e      0x9ef C:/cygwin/GNUARM-4.1.0/arm-elf/lib/libc.a(wcrtomb.o)
 .debug_info    0x00004d0d      0xa84 C:/cygwin/GNUARM-4.1.0/arm-elf/lib/libc.a(wcsrtombs.o)
 .debug_info    0x00005791      0x9f7 C:/cygwin/GNUARM-4.1.0/arm-elf/lib/libc.a(wctomb_r.o)
 .debug_info    0x00006188      0x93a C:/cygwin/GNUARM-4.1.0/arm-elf/lib/libc.a(wsetup.o)
 .debug_info    0x00006ac2      0xd61 C:/cygwin/GNUARM-4.1.0/arm-elf/lib/libc.a(dtoa.o)
 .debug_info    0x00007823      0x974 C:/cygwin/GNUARM-4.1.0/arm-elf/lib/libc.a(fflush.o)
 .debug_info    0x00008197      0xb61 C:/cygwin/GNUARM-4.1.0/arm-elf/lib/libc.a(findfp.o)
 .debug_info    0x00008cf8      0xbb1 C:/cygwin/GNUARM-4.1.0/arm-elf/lib/libc.a(freer.o)
 .debug_info    0x000098a9      0xa5f C:/cygwin/GNUARM-4.1.0/arm-elf/lib/libc.a(fvwrite.o)
 .debug_info    0x0000a308      0xad9 C:/cygwin/GNUARM-4.1.0/arm-elf/lib/libc.a(fwalk.o)
 .debug_info    0x0000ade1      0xb7e C:/cygwin/GNUARM-4.1.0/arm-elf/lib/libc.a(locale.o)
 .debug_info    0x0000b95f      0xad9 C:/cygwin/GNUARM-4.1.0/arm-elf/lib/libc.a(makebuf.o)
 .debug_info    0x0000c438      0xcba C:/cygwin/GNUARM-4.1.0/arm-elf/lib/libc.a(mallocr.o)
 .debug_info    0x0000d0f2      0x133 C:/cygwin/GNUARM-4.1.0/arm-elf/lib/libc.a(memchr.o)
 .debug_info    0x0000d225      0x13f C:/cygwin/GNUARM-4.1.0/arm-elf/lib/libc.a(memmove.o)
 .debug_info    0x0000d364      0x10e C:/cygwin/GNUARM-4.1.0/arm-elf/lib/libc.a(memset.o)
 .debug_info    0x0000d472      0x93c C:/cygwin/GNUARM-4.1.0/arm-elf/lib/libc.a(mlock.o)
 .debug_info    0x0000ddae     0x1319 C:/cygwin/GNUARM-4.1.0/arm-elf/lib/libc.a(mprec.o)
 .debug_info    0x0000f0c7      0xbc7 C:/cygwin/GNUARM-4.1.0/arm-elf/lib/libc.a(reallocr.o)
 .debug_info    0x0000fc8e      0x153 C:/cygwin/GNUARM-4.1.0/arm-elf/lib/libc.a(s_isinf.o)
 .debug_info    0x0000fde1      0x151 C:/cygwin/GNUARM-4.1.0/arm-elf/lib/libc.a(s_isnan.o)
 .debug_info    0x0000ff32      0x94e C:/cygwin/GNUARM-4.1.0/arm-elf/lib/libc.a(sbrkr.o)
 .debug_info    0x00010880      0xa70 C:/cygwin/GNUARM-4.1.0/arm-elf/lib/libc.a(stdio.o)
 .debug_info    0x000112f0       0xd8 C:/cygwin/GNUARM-4.1.0/arm-elf/lib/libc.a(strcmp.o)
 .debug_info    0x000113c8       0xd4 C:/cygwin/GNUARM-4.1.0/arm-elf/lib/libc.a(strlen.o)
 .debug_info    0x0001149c     0x159c C:/cygwin/GNUARM-4.1.0/arm-elf/lib/libc.a(syscalls.o)
 .debug_info    0x00012a38      0x981 C:/cygwin/GNUARM-4.1.0/arm-elf/lib/libc.a(writer.o)
 .debug_info    0x000133b9      0xa01 C:/cygwin/GNUARM-4.1.0/arm-elf/lib/libc.a(callocr.o)
 .debug_info    0x00013dba      0x946 C:/cygwin/GNUARM-4.1.0/arm-elf/lib/libc.a(closer.o)
 .debug_info    0x00014700      0x913 C:/cygwin/GNUARM-4.1.0/arm-elf/lib/libc.a(errno.o)
 .debug_info    0x00015013      0x980 C:/cygwin/GNUARM-4.1.0/arm-elf/lib/libc.a(fclose.o)
 .debug_info    0x00015993      0xabe C:/cygwin/GNUARM-4.1.0/arm-elf/lib/libc.a(fstatr.o)
 .debug_info    0x00016451      0x96b C:/cygwin/GNUARM-4.1.0/arm-elf/lib/libc.a(lseekr.o)
 .debug_info    0x00016dbc      0x97a C:/cygwin/GNUARM-4.1.0/arm-elf/lib/libc.a(readr.o)
 .debug_info    0x00017736      0xa03 C:/cygwin/GNUARM-4.1.0/arm-elf/lib/libc.a(reent.o)
 .debug_info    0x00018139       0x6a C:/cygwin/GNUARM-4.1.0/lib/gcc/arm-elf/4.1.0/libgcc.a(_udivsi3.o)
 .debug_info    0x000181a3       0x6a C:/cygwin/GNUARM-4.1.0/lib/gcc/arm-elf/4.1.0/libgcc.a(_dvmd_tls.o)
 .debug_info    0x0001820d       0x69 C:/cygwin/GNUARM-4.1.0/lib/gcc/arm-elf/4.1.0/libgcc.a(_addsubdf3.o)
 .debug_info    0x00018276       0x69 C:/cygwin/GNUARM-4.1.0/lib/gcc/arm-elf/4.1.0/libgcc.a(_muldivdf3.o)
 .debug_info    0x000182df       0x69 C:/cygwin/GNUARM-4.1.0/lib/gcc/arm-elf/4.1.0/libgcc.a(_cmpdf2.o)
 .debug_info    0x00018348       0x69 C:/cygwin/GNUARM-4.1.0/lib/gcc/arm-elf/4.1.0/libgcc.a(_fixdfsi.o)
 .debug_info    0x000183b1       0x69 C:/cygwin/GNUARM-4.1.0/lib/gcc/arm-elf/4.1.0/libgcc.a(_fixunsdfsi.o)

.debug_abbrev   0x00000000     0x449d
 .debug_abbrev  0x00000000       0x14 s3c2450_startup.o
 .debug_abbrev  0x00000014       0x81 Timer.o
 .debug_abbrev  0x00000095       0x9f Uart.o
 .debug_abbrev  0x00000134       0x5c Key.o
 .debug_abbrev  0x00000190       0x29 Touch.o
 .debug_abbrev  0x000001b9      0x10a Lcd.o
 .debug_abbrev  0x000002c3       0x69 buzzer.o
 .debug_abbrev  0x0000032c      0x128 Main.o
 .debug_abbrev  0x00000454       0xa6 C:/cygwin/GNUARM-4.1.0/arm-elf/lib/libc.a(memcpy.o)
 .debug_abbrev  0x000004fa      0x185 C:/cygwin/GNUARM-4.1.0/arm-elf/lib/libc.a(rand.o)
 .debug_abbrev  0x0000067f      0x18c C:/cygwin/GNUARM-4.1.0/arm-elf/lib/libc.a(vsprintf.o)
 .debug_abbrev  0x0000080b      0x157 C:/cygwin/GNUARM-4.1.0/arm-elf/lib/libc.a(impure.o)
 .debug_abbrev  0x00000962      0x367 C:/cygwin/GNUARM-4.1.0/arm-elf/lib/libc.a(vfprintf.o)
 .debug_abbrev  0x00000cc9      0x18e C:/cygwin/GNUARM-4.1.0/arm-elf/lib/libc.a(wcrtomb.o)
 .debug_abbrev  0x00000e57      0x1a4 C:/cygwin/GNUARM-4.1.0/arm-elf/lib/libc.a(wcsrtombs.o)
 .debug_abbrev  0x00000ffb      0x1ab C:/cygwin/GNUARM-4.1.0/arm-elf/lib/libc.a(wctomb_r.o)
 .debug_abbrev  0x000011a6      0x170 C:/cygwin/GNUARM-4.1.0/arm-elf/lib/libc.a(wsetup.o)
 .debug_abbrev  0x00001316      0x223 C:/cygwin/GNUARM-4.1.0/arm-elf/lib/libc.a(dtoa.o)
 .debug_abbrev  0x00001539      0x17f C:/cygwin/GNUARM-4.1.0/arm-elf/lib/libc.a(fflush.o)
 .debug_abbrev  0x000016b8      0x24c C:/cygwin/GNUARM-4.1.0/arm-elf/lib/libc.a(findfp.o)
 .debug_abbrev  0x00001904      0x1e8 C:/cygwin/GNUARM-4.1.0/arm-elf/lib/libc.a(freer.o)
 .debug_abbrev  0x00001aec      0x1b4 C:/cygwin/GNUARM-4.1.0/arm-elf/lib/libc.a(fvwrite.o)
 .debug_abbrev  0x00001ca0      0x1ee C:/cygwin/GNUARM-4.1.0/arm-elf/lib/libc.a(fwalk.o)
 .debug_abbrev  0x00001e8e      0x1de C:/cygwin/GNUARM-4.1.0/arm-elf/lib/libc.a(locale.o)
 .debug_abbrev  0x0000206c      0x1a8 C:/cygwin/GNUARM-4.1.0/arm-elf/lib/libc.a(makebuf.o)
 .debug_abbrev  0x00002214      0x225 C:/cygwin/GNUARM-4.1.0/arm-elf/lib/libc.a(mallocr.o)
 .debug_abbrev  0x00002439       0xb5 C:/cygwin/GNUARM-4.1.0/arm-elf/lib/libc.a(memchr.o)
 .debug_abbrev  0x000024ee       0x99 C:/cygwin/GNUARM-4.1.0/arm-elf/lib/libc.a(memmove.o)
 .debug_abbrev  0x00002587       0xa9 C:/cygwin/GNUARM-4.1.0/arm-elf/lib/libc.a(memset.o)
 .debug_abbrev  0x00002630      0x16a C:/cygwin/GNUARM-4.1.0/arm-elf/lib/libc.a(mlock.o)
 .debug_abbrev  0x0000279a      0x280 C:/cygwin/GNUARM-4.1.0/arm-elf/lib/libc.a(mprec.o)
 .debug_abbrev  0x00002a1a      0x1c3 C:/cygwin/GNUARM-4.1.0/arm-elf/lib/libc.a(reallocr.o)
 .debug_abbrev  0x00002bdd       0xd4 C:/cygwin/GNUARM-4.1.0/arm-elf/lib/libc.a(s_isinf.o)
 .debug_abbrev  0x00002cb1       0xd4 C:/cygwin/GNUARM-4.1.0/arm-elf/lib/libc.a(s_isnan.o)
 .debug_abbrev  0x00002d85      0x18c C:/cygwin/GNUARM-4.1.0/arm-elf/lib/libc.a(sbrkr.o)
 .debug_abbrev  0x00002f11      0x1b4 C:/cygwin/GNUARM-4.1.0/arm-elf/lib/libc.a(stdio.o)
 .debug_abbrev  0x000030c5       0x71 C:/cygwin/GNUARM-4.1.0/arm-elf/lib/libc.a(strcmp.o)
 .debug_abbrev  0x00003136       0x8b C:/cygwin/GNUARM-4.1.0/arm-elf/lib/libc.a(strlen.o)
 .debug_abbrev  0x000031c1      0x407 C:/cygwin/GNUARM-4.1.0/arm-elf/lib/libc.a(syscalls.o)
 .debug_abbrev  0x000035c8      0x184 C:/cygwin/GNUARM-4.1.0/arm-elf/lib/libc.a(writer.o)
 .debug_abbrev  0x0000374c      0x1be C:/cygwin/GNUARM-4.1.0/arm-elf/lib/libc.a(callocr.o)
 .debug_abbrev  0x0000390a      0x17f C:/cygwin/GNUARM-4.1.0/arm-elf/lib/libc.a(closer.o)
 .debug_abbrev  0x00003a89      0x15f C:/cygwin/GNUARM-4.1.0/arm-elf/lib/libc.a(errno.o)
 .debug_abbrev  0x00003be8      0x1a7 C:/cygwin/GNUARM-4.1.0/arm-elf/lib/libc.a(fclose.o)
 .debug_abbrev  0x00003d8f      0x18e C:/cygwin/GNUARM-4.1.0/arm-elf/lib/libc.a(fstatr.o)
 .debug_abbrev  0x00003f1d      0x18c C:/cygwin/GNUARM-4.1.0/arm-elf/lib/libc.a(lseekr.o)
 .debug_abbrev  0x000040a9      0x17f C:/cygwin/GNUARM-4.1.0/arm-elf/lib/libc.a(readr.o)
 .debug_abbrev  0x00004228      0x1e9 C:/cygwin/GNUARM-4.1.0/arm-elf/lib/libc.a(reent.o)
 .debug_abbrev  0x00004411       0x14 C:/cygwin/GNUARM-4.1.0/lib/gcc/arm-elf/4.1.0/libgcc.a(_udivsi3.o)
 .debug_abbrev  0x00004425       0x14 C:/cygwin/GNUARM-4.1.0/lib/gcc/arm-elf/4.1.0/libgcc.a(_dvmd_tls.o)
 .debug_abbrev  0x00004439       0x14 C:/cygwin/GNUARM-4.1.0/lib/gcc/arm-elf/4.1.0/libgcc.a(_addsubdf3.o)
 .debug_abbrev  0x0000444d       0x14 C:/cygwin/GNUARM-4.1.0/lib/gcc/arm-elf/4.1.0/libgcc.a(_muldivdf3.o)
 .debug_abbrev  0x00004461       0x14 C:/cygwin/GNUARM-4.1.0/lib/gcc/arm-elf/4.1.0/libgcc.a(_cmpdf2.o)
 .debug_abbrev  0x00004475       0x14 C:/cygwin/GNUARM-4.1.0/lib/gcc/arm-elf/4.1.0/libgcc.a(_fixdfsi.o)
 .debug_abbrev  0x00004489       0x14 C:/cygwin/GNUARM-4.1.0/lib/gcc/arm-elf/4.1.0/libgcc.a(_fixunsdfsi.o)

.debug_aranges  0x00000000      0x6c0
 .debug_aranges
                0x00000000       0x20 s3c2450_startup.o
 .debug_aranges
                0x00000020       0x20 Timer.o
 .debug_aranges
                0x00000040       0x20 Uart.o
 .debug_aranges
                0x00000060       0x20 Key.o
 .debug_aranges
                0x00000080       0x20 Touch.o
 .debug_aranges
                0x000000a0       0x20 Lcd.o
 .debug_aranges
                0x000000c0       0x20 buzzer.o
 .debug_aranges
                0x000000e0       0x20 Main.o
 .debug_aranges
                0x00000100       0x20 C:/cygwin/GNUARM-4.1.0/arm-elf/lib/libc.a(memcpy.o)
 .debug_aranges
                0x00000120       0x20 C:/cygwin/GNUARM-4.1.0/arm-elf/lib/libc.a(rand.o)
 .debug_aranges
                0x00000140       0x20 C:/cygwin/GNUARM-4.1.0/arm-elf/lib/libc.a(vsprintf.o)
 .debug_aranges
                0x00000160       0x20 C:/cygwin/GNUARM-4.1.0/arm-elf/lib/libc.a(vfprintf.o)
 .debug_aranges
                0x00000180       0x20 C:/cygwin/GNUARM-4.1.0/arm-elf/lib/libc.a(wcrtomb.o)
 .debug_aranges
                0x000001a0       0x20 C:/cygwin/GNUARM-4.1.0/arm-elf/lib/libc.a(wcsrtombs.o)
 .debug_aranges
                0x000001c0       0x20 C:/cygwin/GNUARM-4.1.0/arm-elf/lib/libc.a(wctomb_r.o)
 .debug_aranges
                0x000001e0       0x20 C:/cygwin/GNUARM-4.1.0/arm-elf/lib/libc.a(wsetup.o)
 .debug_aranges
                0x00000200       0x20 C:/cygwin/GNUARM-4.1.0/arm-elf/lib/libc.a(dtoa.o)
 .debug_aranges
                0x00000220       0x20 C:/cygwin/GNUARM-4.1.0/arm-elf/lib/libc.a(fflush.o)
 .debug_aranges
                0x00000240       0x20 C:/cygwin/GNUARM-4.1.0/arm-elf/lib/libc.a(findfp.o)
 .debug_aranges
                0x00000260       0x20 C:/cygwin/GNUARM-4.1.0/arm-elf/lib/libc.a(freer.o)
 .debug_aranges
                0x00000280       0x20 C:/cygwin/GNUARM-4.1.0/arm-elf/lib/libc.a(fvwrite.o)
 .debug_aranges
                0x000002a0       0x20 C:/cygwin/GNUARM-4.1.0/arm-elf/lib/libc.a(fwalk.o)
 .debug_aranges
                0x000002c0       0x20 C:/cygwin/GNUARM-4.1.0/arm-elf/lib/libc.a(locale.o)
 .debug_aranges
                0x000002e0       0x20 C:/cygwin/GNUARM-4.1.0/arm-elf/lib/libc.a(makebuf.o)
 .debug_aranges
                0x00000300       0x20 C:/cygwin/GNUARM-4.1.0/arm-elf/lib/libc.a(mallocr.o)
 .debug_aranges
                0x00000320       0x20 C:/cygwin/GNUARM-4.1.0/arm-elf/lib/libc.a(memchr.o)
 .debug_aranges
                0x00000340       0x20 C:/cygwin/GNUARM-4.1.0/arm-elf/lib/libc.a(memmove.o)
 .debug_aranges
                0x00000360       0x20 C:/cygwin/GNUARM-4.1.0/arm-elf/lib/libc.a(memset.o)
 .debug_aranges
                0x00000380       0x20 C:/cygwin/GNUARM-4.1.0/arm-elf/lib/libc.a(mlock.o)
 .debug_aranges
                0x000003a0       0x20 C:/cygwin/GNUARM-4.1.0/arm-elf/lib/libc.a(mprec.o)
 .debug_aranges
                0x000003c0       0x20 C:/cygwin/GNUARM-4.1.0/arm-elf/lib/libc.a(reallocr.o)
 .debug_aranges
                0x000003e0       0x20 C:/cygwin/GNUARM-4.1.0/arm-elf/lib/libc.a(s_isinf.o)
 .debug_aranges
                0x00000400       0x20 C:/cygwin/GNUARM-4.1.0/arm-elf/lib/libc.a(s_isnan.o)
 .debug_aranges
                0x00000420       0x20 C:/cygwin/GNUARM-4.1.0/arm-elf/lib/libc.a(sbrkr.o)
 .debug_aranges
                0x00000440       0x20 C:/cygwin/GNUARM-4.1.0/arm-elf/lib/libc.a(stdio.o)
 .debug_aranges
                0x00000460       0x20 C:/cygwin/GNUARM-4.1.0/arm-elf/lib/libc.a(strcmp.o)
 .debug_aranges
                0x00000480       0x20 C:/cygwin/GNUARM-4.1.0/arm-elf/lib/libc.a(strlen.o)
 .debug_aranges
                0x000004a0       0x20 C:/cygwin/GNUARM-4.1.0/arm-elf/lib/libc.a(syscalls.o)
 .debug_aranges
                0x000004c0       0x20 C:/cygwin/GNUARM-4.1.0/arm-elf/lib/libc.a(writer.o)
 .debug_aranges
                0x000004e0       0x20 C:/cygwin/GNUARM-4.1.0/arm-elf/lib/libc.a(callocr.o)
 .debug_aranges
                0x00000500       0x20 C:/cygwin/GNUARM-4.1.0/arm-elf/lib/libc.a(closer.o)
 .debug_aranges
                0x00000520       0x20 C:/cygwin/GNUARM-4.1.0/arm-elf/lib/libc.a(errno.o)
 .debug_aranges
                0x00000540       0x20 C:/cygwin/GNUARM-4.1.0/arm-elf/lib/libc.a(fclose.o)
 .debug_aranges
                0x00000560       0x20 C:/cygwin/GNUARM-4.1.0/arm-elf/lib/libc.a(fstatr.o)
 .debug_aranges
                0x00000580       0x20 C:/cygwin/GNUARM-4.1.0/arm-elf/lib/libc.a(lseekr.o)
 .debug_aranges
                0x000005a0       0x20 C:/cygwin/GNUARM-4.1.0/arm-elf/lib/libc.a(readr.o)
 .debug_aranges
                0x000005c0       0x20 C:/cygwin/GNUARM-4.1.0/arm-elf/lib/libc.a(reent.o)
 .debug_aranges
                0x000005e0       0x20 C:/cygwin/GNUARM-4.1.0/lib/gcc/arm-elf/4.1.0/libgcc.a(_udivsi3.o)
 .debug_aranges
                0x00000600       0x20 C:/cygwin/GNUARM-4.1.0/lib/gcc/arm-elf/4.1.0/libgcc.a(_dvmd_tls.o)
 .debug_aranges
                0x00000620       0x20 C:/cygwin/GNUARM-4.1.0/lib/gcc/arm-elf/4.1.0/libgcc.a(_addsubdf3.o)
 .debug_aranges
                0x00000640       0x20 C:/cygwin/GNUARM-4.1.0/lib/gcc/arm-elf/4.1.0/libgcc.a(_muldivdf3.o)
 .debug_aranges
                0x00000660       0x20 C:/cygwin/GNUARM-4.1.0/lib/gcc/arm-elf/4.1.0/libgcc.a(_cmpdf2.o)
 .debug_aranges
                0x00000680       0x20 C:/cygwin/GNUARM-4.1.0/lib/gcc/arm-elf/4.1.0/libgcc.a(_fixdfsi.o)
 .debug_aranges
                0x000006a0       0x20 C:/cygwin/GNUARM-4.1.0/lib/gcc/arm-elf/4.1.0/libgcc.a(_fixunsdfsi.o)

.debug_frame    0x00000000     0x1544
 .debug_frame   0x00000000      0x134 Timer.o
 .debug_frame   0x00000134      0x11c Uart.o
 .debug_frame   0x00000250       0xb0 Key.o
 .debug_frame   0x00000300       0x30 Touch.o
 .debug_frame   0x00000330      0x110 Lcd.o
 .debug_frame   0x00000440       0x50 buzzer.o
 .debug_frame   0x00000490      0x284 Main.o
 .debug_frame   0x00000714       0x28 C:/cygwin/GNUARM-4.1.0/arm-elf/lib/libc.a(memcpy.o)
 .debug_frame   0x0000073c       0x3c C:/cygwin/GNUARM-4.1.0/arm-elf/lib/libc.a(rand.o)
 .debug_frame   0x00000778       0x48 C:/cygwin/GNUARM-4.1.0/arm-elf/lib/libc.a(vsprintf.o)
 .debug_frame   0x000007c0       0x6c C:/cygwin/GNUARM-4.1.0/arm-elf/lib/libc.a(vfprintf.o)
 .debug_frame   0x0000082c       0x44 C:/cygwin/GNUARM-4.1.0/arm-elf/lib/libc.a(wcrtomb.o)
 .debug_frame   0x00000870       0x54 C:/cygwin/GNUARM-4.1.0/arm-elf/lib/libc.a(wcsrtombs.o)
 .debug_frame   0x000008c4       0x30 C:/cygwin/GNUARM-4.1.0/arm-elf/lib/libc.a(wctomb_r.o)
 .debug_frame   0x000008f4       0x2c C:/cygwin/GNUARM-4.1.0/arm-elf/lib/libc.a(wsetup.o)
 .debug_frame   0x00000920       0x60 C:/cygwin/GNUARM-4.1.0/arm-elf/lib/libc.a(dtoa.o)
 .debug_frame   0x00000980       0x2c C:/cygwin/GNUARM-4.1.0/arm-elf/lib/libc.a(fflush.o)
 .debug_frame   0x000009ac      0x114 C:/cygwin/GNUARM-4.1.0/arm-elf/lib/libc.a(findfp.o)
 .debug_frame   0x00000ac0       0x54 C:/cygwin/GNUARM-4.1.0/arm-elf/lib/libc.a(freer.o)
 .debug_frame   0x00000b14       0x38 C:/cygwin/GNUARM-4.1.0/arm-elf/lib/libc.a(fvwrite.o)
 .debug_frame   0x00000b4c       0x58 C:/cygwin/GNUARM-4.1.0/arm-elf/lib/libc.a(fwalk.o)
 .debug_frame   0x00000ba4       0x6c C:/cygwin/GNUARM-4.1.0/arm-elf/lib/libc.a(locale.o)
 .debug_frame   0x00000c10       0x30 C:/cygwin/GNUARM-4.1.0/arm-elf/lib/libc.a(makebuf.o)
 .debug_frame   0x00000c40       0x38 C:/cygwin/GNUARM-4.1.0/arm-elf/lib/libc.a(mallocr.o)
 .debug_frame   0x00000c78       0x28 C:/cygwin/GNUARM-4.1.0/arm-elf/lib/libc.a(memchr.o)
 .debug_frame   0x00000ca0       0x28 C:/cygwin/GNUARM-4.1.0/arm-elf/lib/libc.a(memmove.o)
 .debug_frame   0x00000cc8       0x20 C:/cygwin/GNUARM-4.1.0/arm-elf/lib/libc.a(memset.o)
 .debug_frame   0x00000ce8       0x30 C:/cygwin/GNUARM-4.1.0/arm-elf/lib/libc.a(mlock.o)
 .debug_frame   0x00000d18      0x1f0 C:/cygwin/GNUARM-4.1.0/arm-elf/lib/libc.a(mprec.o)
 .debug_frame   0x00000f08       0x38 C:/cygwin/GNUARM-4.1.0/arm-elf/lib/libc.a(reallocr.o)
 .debug_frame   0x00000f40       0x28 C:/cygwin/GNUARM-4.1.0/arm-elf/lib/libc.a(s_isinf.o)
 .debug_frame   0x00000f68       0x28 C:/cygwin/GNUARM-4.1.0/arm-elf/lib/libc.a(s_isnan.o)
 .debug_frame   0x00000f90       0x2c C:/cygwin/GNUARM-4.1.0/arm-elf/lib/libc.a(sbrkr.o)
 .debug_frame   0x00000fbc       0x70 C:/cygwin/GNUARM-4.1.0/arm-elf/lib/libc.a(stdio.o)
 .debug_frame   0x0000102c       0x20 C:/cygwin/GNUARM-4.1.0/arm-elf/lib/libc.a(strcmp.o)
 .debug_frame   0x0000104c       0x20 C:/cygwin/GNUARM-4.1.0/arm-elf/lib/libc.a(strlen.o)
 .debug_frame   0x0000106c      0x2e8 C:/cygwin/GNUARM-4.1.0/arm-elf/lib/libc.a(syscalls.o)
 .debug_frame   0x00001354       0x2c C:/cygwin/GNUARM-4.1.0/arm-elf/lib/libc.a(writer.o)
 .debug_frame   0x00001380       0x28 C:/cygwin/GNUARM-4.1.0/arm-elf/lib/libc.a(callocr.o)
 .debug_frame   0x000013a8       0x2c C:/cygwin/GNUARM-4.1.0/arm-elf/lib/libc.a(closer.o)
 .debug_frame   0x000013d4       0x20 C:/cygwin/GNUARM-4.1.0/arm-elf/lib/libc.a(errno.o)
 .debug_frame   0x000013f4       0x3c C:/cygwin/GNUARM-4.1.0/arm-elf/lib/libc.a(fclose.o)
 .debug_frame   0x00001430       0x2c C:/cygwin/GNUARM-4.1.0/arm-elf/lib/libc.a(fstatr.o)
 .debug_frame   0x0000145c       0x2c C:/cygwin/GNUARM-4.1.0/arm-elf/lib/libc.a(lseekr.o)
 .debug_frame   0x00001488       0x2c C:/cygwin/GNUARM-4.1.0/arm-elf/lib/libc.a(readr.o)
 .debug_frame   0x000014b4       0x68 C:/cygwin/GNUARM-4.1.0/arm-elf/lib/libc.a(reent.o)
 .debug_frame   0x0000151c       0x28 C:/cygwin/GNUARM-4.1.0/lib/gcc/arm-elf/4.1.0/libgcc.a(_udivsi3.o)

.debug_loc      0x00000000     0x857d
 .debug_loc     0x00000000      0x17a Timer.o
 .debug_loc     0x0000017a      0x150 Uart.o
 .debug_loc     0x000002ca       0xd2 Key.o
 .debug_loc     0x0000039c       0x2a Touch.o
 .debug_loc     0x000003c6      0x150 Lcd.o
 .debug_loc     0x00000516       0x54 buzzer.o
 .debug_loc     0x0000056a      0x31e Main.o
 .debug_loc     0x00000888       0xdb C:/cygwin/GNUARM-4.1.0/arm-elf/lib/libc.a(memcpy.o)
 .debug_loc     0x00000963       0x1f C:/cygwin/GNUARM-4.1.0/arm-elf/lib/libc.a(rand.o)
 .debug_loc     0x00000982      0x109 C:/cygwin/GNUARM-4.1.0/arm-elf/lib/libc.a(vsprintf.o)
 .debug_loc     0x00000a8b     0x1b8d C:/cygwin/GNUARM-4.1.0/arm-elf/lib/libc.a(vfprintf.o)
 .debug_loc     0x00002618      0x145 C:/cygwin/GNUARM-4.1.0/arm-elf/lib/libc.a(wcrtomb.o)
 .debug_loc     0x0000275d      0x2b2 C:/cygwin/GNUARM-4.1.0/arm-elf/lib/libc.a(wcsrtombs.o)
 .debug_loc     0x00002a0f      0x248 C:/cygwin/GNUARM-4.1.0/arm-elf/lib/libc.a(wctomb_r.o)
 .debug_loc     0x00002c57       0x3d C:/cygwin/GNUARM-4.1.0/arm-elf/lib/libc.a(wsetup.o)
 .debug_loc     0x00002c94     0x1665 C:/cygwin/GNUARM-4.1.0/arm-elf/lib/libc.a(dtoa.o)
 .debug_loc     0x000042f9       0xad C:/cygwin/GNUARM-4.1.0/arm-elf/lib/libc.a(fflush.o)
 .debug_loc     0x000043a6      0x20c C:/cygwin/GNUARM-4.1.0/arm-elf/lib/libc.a(findfp.o)
 .debug_loc     0x000045b2      0x38f C:/cygwin/GNUARM-4.1.0/arm-elf/lib/libc.a(freer.o)
 .debug_loc     0x00004941      0x328 C:/cygwin/GNUARM-4.1.0/arm-elf/lib/libc.a(fvwrite.o)
 .debug_loc     0x00004c69      0x17b C:/cygwin/GNUARM-4.1.0/arm-elf/lib/libc.a(fwalk.o)
 .debug_loc     0x00004de4       0xe9 C:/cygwin/GNUARM-4.1.0/arm-elf/lib/libc.a(locale.o)
 .debug_loc     0x00004ecd       0xa7 C:/cygwin/GNUARM-4.1.0/arm-elf/lib/libc.a(makebuf.o)
 .debug_loc     0x00004f74      0x795 C:/cygwin/GNUARM-4.1.0/arm-elf/lib/libc.a(mallocr.o)
 .debug_loc     0x00005709      0x193 C:/cygwin/GNUARM-4.1.0/arm-elf/lib/libc.a(memchr.o)
 .debug_loc     0x0000589c      0x151 C:/cygwin/GNUARM-4.1.0/arm-elf/lib/libc.a(memmove.o)
 .debug_loc     0x000059ed       0xa9 C:/cygwin/GNUARM-4.1.0/arm-elf/lib/libc.a(memset.o)
 .debug_loc     0x00005a96      0xffc C:/cygwin/GNUARM-4.1.0/arm-elf/lib/libc.a(mprec.o)
 .debug_loc     0x00006a92      0x922 C:/cygwin/GNUARM-4.1.0/arm-elf/lib/libc.a(reallocr.o)
 .debug_loc     0x000073b4       0x6d C:/cygwin/GNUARM-4.1.0/arm-elf/lib/libc.a(s_isinf.o)
 .debug_loc     0x00007421       0x4f C:/cygwin/GNUARM-4.1.0/arm-elf/lib/libc.a(s_isnan.o)
 .debug_loc     0x00007470       0x50 C:/cygwin/GNUARM-4.1.0/arm-elf/lib/libc.a(sbrkr.o)
 .debug_loc     0x000074c0      0x1a4 C:/cygwin/GNUARM-4.1.0/arm-elf/lib/libc.a(stdio.o)
 .debug_loc     0x00007664       0xaf C:/cygwin/GNUARM-4.1.0/arm-elf/lib/libc.a(strcmp.o)
 .debug_loc     0x00007713       0x47 C:/cygwin/GNUARM-4.1.0/arm-elf/lib/libc.a(strlen.o)
 .debug_loc     0x0000775a      0x894 C:/cygwin/GNUARM-4.1.0/arm-elf/lib/libc.a(syscalls.o)
 .debug_loc     0x00007fee       0xaa C:/cygwin/GNUARM-4.1.0/arm-elf/lib/libc.a(writer.o)
 .debug_loc     0x00008098       0xd6 C:/cygwin/GNUARM-4.1.0/arm-elf/lib/libc.a(callocr.o)
 .debug_loc     0x0000816e       0x63 C:/cygwin/GNUARM-4.1.0/arm-elf/lib/libc.a(closer.o)
 .debug_loc     0x000081d1       0xa2 C:/cygwin/GNUARM-4.1.0/arm-elf/lib/libc.a(fclose.o)
 .debug_loc     0x00008273       0x81 C:/cygwin/GNUARM-4.1.0/arm-elf/lib/libc.a(fstatr.o)
 .debug_loc     0x000082f4       0x97 C:/cygwin/GNUARM-4.1.0/arm-elf/lib/libc.a(lseekr.o)
 .debug_loc     0x0000838b       0xaa C:/cygwin/GNUARM-4.1.0/arm-elf/lib/libc.a(readr.o)
 .debug_loc     0x00008435      0x148 C:/cygwin/GNUARM-4.1.0/arm-elf/lib/libc.a(reent.o)

.debug_pubnames
                0x00000000      0xe17
 .debug_pubnames
                0x00000000       0xc7 Timer.o
 .debug_pubnames
                0x000000c7       0x99 Uart.o
 .debug_pubnames
                0x00000160       0x81 Key.o
 .debug_pubnames
                0x000001e1       0x21 Touch.o
 .debug_pubnames
                0x00000202       0xc4 Lcd.o
 .debug_pubnames
                0x000002c6       0x32 buzzer.o
 .debug_pubnames
                0x000002f8      0x11c Main.o
 .debug_pubnames
                0x00000414       0x1d C:/cygwin/GNUARM-4.1.0/arm-elf/lib/libc.a(memcpy.o)
 .debug_pubnames
                0x00000431       0x25 C:/cygwin/GNUARM-4.1.0/arm-elf/lib/libc.a(rand.o)
 .debug_pubnames
                0x00000456       0x2f C:/cygwin/GNUARM-4.1.0/arm-elf/lib/libc.a(vsprintf.o)
 .debug_pubnames
                0x00000485       0x39 C:/cygwin/GNUARM-4.1.0/arm-elf/lib/libc.a(impure.o)
 .debug_pubnames
                0x000004be       0x2f C:/cygwin/GNUARM-4.1.0/arm-elf/lib/libc.a(vfprintf.o)
 .debug_pubnames
                0x000004ed       0x2d C:/cygwin/GNUARM-4.1.0/arm-elf/lib/libc.a(wcrtomb.o)
 .debug_pubnames
                0x0000051a       0x31 C:/cygwin/GNUARM-4.1.0/arm-elf/lib/libc.a(wcsrtombs.o)
 .debug_pubnames
                0x0000054b       0x20 C:/cygwin/GNUARM-4.1.0/arm-elf/lib/libc.a(wctomb_r.o)
 .debug_pubnames
                0x0000056b       0x20 C:/cygwin/GNUARM-4.1.0/arm-elf/lib/libc.a(wsetup.o)
 .debug_pubnames
                0x0000058b       0x1e C:/cygwin/GNUARM-4.1.0/arm-elf/lib/libc.a(dtoa.o)
 .debug_pubnames
                0x000005a9       0x1d C:/cygwin/GNUARM-4.1.0/arm-elf/lib/libc.a(fflush.o)
 .debug_pubnames
                0x000005c6       0xdb C:/cygwin/GNUARM-4.1.0/arm-elf/lib/libc.a(findfp.o)
 .debug_pubnames
                0x000006a1       0x31 C:/cygwin/GNUARM-4.1.0/arm-elf/lib/libc.a(freer.o)
 .debug_pubnames
                0x000006d2       0x21 C:/cygwin/GNUARM-4.1.0/arm-elf/lib/libc.a(fvwrite.o)
 .debug_pubnames
                0x000006f3       0x2e C:/cygwin/GNUARM-4.1.0/arm-elf/lib/libc.a(fwalk.o)
 .debug_pubnames
                0x00000721       0xc3 C:/cygwin/GNUARM-4.1.0/arm-elf/lib/libc.a(locale.o)
 .debug_pubnames
                0x000007e4       0x21 C:/cygwin/GNUARM-4.1.0/arm-elf/lib/libc.a(makebuf.o)
 .debug_pubnames
                0x00000805       0xce C:/cygwin/GNUARM-4.1.0/arm-elf/lib/libc.a(mallocr.o)
 .debug_pubnames
                0x000008d3       0x1d C:/cygwin/GNUARM-4.1.0/arm-elf/lib/libc.a(memchr.o)
 .debug_pubnames
                0x000008f0       0x1e C:/cygwin/GNUARM-4.1.0/arm-elf/lib/libc.a(memmove.o)
 .debug_pubnames
                0x0000090e       0x1d C:/cygwin/GNUARM-4.1.0/arm-elf/lib/libc.a(memset.o)
 .debug_pubnames
                0x0000092b       0x38 C:/cygwin/GNUARM-4.1.0/arm-elf/lib/libc.a(mlock.o)
 .debug_pubnames
                0x00000963      0x112 C:/cygwin/GNUARM-4.1.0/arm-elf/lib/libc.a(mprec.o)
 .debug_pubnames
                0x00000a75       0x21 C:/cygwin/GNUARM-4.1.0/arm-elf/lib/libc.a(reallocr.o)
 .debug_pubnames
                0x00000a96       0x1c C:/cygwin/GNUARM-4.1.0/arm-elf/lib/libc.a(s_isinf.o)
 .debug_pubnames
                0x00000ab2       0x1c C:/cygwin/GNUARM-4.1.0/arm-elf/lib/libc.a(s_isnan.o)
 .debug_pubnames
                0x00000ace       0x1e C:/cygwin/GNUARM-4.1.0/arm-elf/lib/libc.a(sbrkr.o)
 .debug_pubnames
                0x00000aec       0x44 C:/cygwin/GNUARM-4.1.0/arm-elf/lib/libc.a(stdio.o)
 .debug_pubnames
                0x00000b30       0x1d C:/cygwin/GNUARM-4.1.0/arm-elf/lib/libc.a(strcmp.o)
 .debug_pubnames
                0x00000b4d       0x1d C:/cygwin/GNUARM-4.1.0/arm-elf/lib/libc.a(strlen.o)
 .debug_pubnames
                0x00000b6a      0x158 C:/cygwin/GNUARM-4.1.0/arm-elf/lib/libc.a(syscalls.o)
 .debug_pubnames
                0x00000cc2       0x1f C:/cygwin/GNUARM-4.1.0/arm-elf/lib/libc.a(writer.o)
 .debug_pubnames
                0x00000ce1       0x20 C:/cygwin/GNUARM-4.1.0/arm-elf/lib/libc.a(callocr.o)
 .debug_pubnames
                0x00000d01       0x1f C:/cygwin/GNUARM-4.1.0/arm-elf/lib/libc.a(closer.o)
 .debug_pubnames
                0x00000d20       0x1e C:/cygwin/GNUARM-4.1.0/arm-elf/lib/libc.a(errno.o)
 .debug_pubnames
                0x00000d3e       0x2b C:/cygwin/GNUARM-4.1.0/arm-elf/lib/libc.a(fclose.o)
 .debug_pubnames
                0x00000d69       0x1f C:/cygwin/GNUARM-4.1.0/arm-elf/lib/libc.a(fstatr.o)
 .debug_pubnames
                0x00000d88       0x1f C:/cygwin/GNUARM-4.1.0/arm-elf/lib/libc.a(lseekr.o)
 .debug_pubnames
                0x00000da7       0x1e C:/cygwin/GNUARM-4.1.0/arm-elf/lib/libc.a(readr.o)
 .debug_pubnames
                0x00000dc5       0x52 C:/cygwin/GNUARM-4.1.0/arm-elf/lib/libc.a(reent.o)

.comment        0x00000000      0x34e
 .comment       0x00000000       0x12 Timer.o
 .comment       0x00000012       0x12 Uart.o
 .comment       0x00000024       0x12 Key.o
 .comment       0x00000036       0x12 Touch.o
 .comment       0x00000048       0x12 Lcd.o
 .comment       0x0000005a       0x12 buzzer.o
 .comment       0x0000006c       0x12 Main.o
 .comment       0x0000007e       0x12 C:/cygwin/GNUARM-4.1.0/arm-elf/lib/libc.a(memcpy.o)
 .comment       0x00000090       0x12 C:/cygwin/GNUARM-4.1.0/arm-elf/lib/libc.a(rand.o)
 .comment       0x000000a2       0x12 C:/cygwin/GNUARM-4.1.0/arm-elf/lib/libc.a(vsprintf.o)
 .comment       0x000000b4       0x12 C:/cygwin/GNUARM-4.1.0/arm-elf/lib/libc.a(impure.o)
 .comment       0x000000c6       0x12 C:/cygwin/GNUARM-4.1.0/arm-elf/lib/libc.a(vfprintf.o)
 .comment       0x000000d8       0x12 C:/cygwin/GNUARM-4.1.0/arm-elf/lib/libc.a(wcrtomb.o)
 .comment       0x000000ea       0x12 C:/cygwin/GNUARM-4.1.0/arm-elf/lib/libc.a(wcsrtombs.o)
 .comment       0x000000fc       0x12 C:/cygwin/GNUARM-4.1.0/arm-elf/lib/libc.a(wctomb_r.o)
 .comment       0x0000010e       0x12 C:/cygwin/GNUARM-4.1.0/arm-elf/lib/libc.a(wsetup.o)
 .comment       0x00000120       0x12 C:/cygwin/GNUARM-4.1.0/arm-elf/lib/libc.a(dtoa.o)
 .comment       0x00000132       0x12 C:/cygwin/GNUARM-4.1.0/arm-elf/lib/libc.a(fflush.o)
 .comment       0x00000144       0x12 C:/cygwin/GNUARM-4.1.0/arm-elf/lib/libc.a(findfp.o)
 .comment       0x00000156       0x12 C:/cygwin/GNUARM-4.1.0/arm-elf/lib/libc.a(freer.o)
 .comment       0x00000168       0x12 C:/cygwin/GNUARM-4.1.0/arm-elf/lib/libc.a(fvwrite.o)
 .comment       0x0000017a       0x12 C:/cygwin/GNUARM-4.1.0/arm-elf/lib/libc.a(fwalk.o)
 .comment       0x0000018c       0x12 C:/cygwin/GNUARM-4.1.0/arm-elf/lib/libc.a(locale.o)
 .comment       0x0000019e       0x12 C:/cygwin/GNUARM-4.1.0/arm-elf/lib/libc.a(makebuf.o)
 .comment       0x000001b0       0x12 C:/cygwin/GNUARM-4.1.0/arm-elf/lib/libc.a(mallocr.o)
 .comment       0x000001c2       0x12 C:/cygwin/GNUARM-4.1.0/arm-elf/lib/libc.a(memchr.o)
 .comment       0x000001d4       0x12 C:/cygwin/GNUARM-4.1.0/arm-elf/lib/libc.a(memmove.o)
 .comment       0x000001e6       0x12 C:/cygwin/GNUARM-4.1.0/arm-elf/lib/libc.a(memset.o)
 .comment       0x000001f8       0x12 C:/cygwin/GNUARM-4.1.0/arm-elf/lib/libc.a(mlock.o)
 .comment       0x0000020a       0x12 C:/cygwin/GNUARM-4.1.0/arm-elf/lib/libc.a(mprec.o)
 .comment       0x0000021c       0x12 C:/cygwin/GNUARM-4.1.0/arm-elf/lib/libc.a(reallocr.o)
 .comment       0x0000022e       0x12 C:/cygwin/GNUARM-4.1.0/arm-elf/lib/libc.a(s_isinf.o)
 .comment       0x00000240       0x12 C:/cygwin/GNUARM-4.1.0/arm-elf/lib/libc.a(s_isnan.o)
 .comment       0x00000252       0x12 C:/cygwin/GNUARM-4.1.0/arm-elf/lib/libc.a(sbrkr.o)
 .comment       0x00000264       0x12 C:/cygwin/GNUARM-4.1.0/arm-elf/lib/libc.a(stdio.o)
 .comment       0x00000276       0x12 C:/cygwin/GNUARM-4.1.0/arm-elf/lib/libc.a(strcmp.o)
 .comment       0x00000288       0x12 C:/cygwin/GNUARM-4.1.0/arm-elf/lib/libc.a(strlen.o)
 .comment       0x0000029a       0x12 C:/cygwin/GNUARM-4.1.0/arm-elf/lib/libc.a(syscalls.o)
 .comment       0x000002ac       0x12 C:/cygwin/GNUARM-4.1.0/arm-elf/lib/libc.a(writer.o)
 .comment       0x000002be       0x12 C:/cygwin/GNUARM-4.1.0/arm-elf/lib/libc.a(callocr.o)
 .comment       0x000002d0       0x12 C:/cygwin/GNUARM-4.1.0/arm-elf/lib/libc.a(closer.o)
 .comment       0x000002e2       0x12 C:/cygwin/GNUARM-4.1.0/arm-elf/lib/libc.a(errno.o)
 .comment       0x000002f4       0x12 C:/cygwin/GNUARM-4.1.0/arm-elf/lib/libc.a(fclose.o)
 .comment       0x00000306       0x12 C:/cygwin/GNUARM-4.1.0/arm-elf/lib/libc.a(fstatr.o)
 .comment       0x00000318       0x12 C:/cygwin/GNUARM-4.1.0/arm-elf/lib/libc.a(lseekr.o)
 .comment       0x0000032a       0x12 C:/cygwin/GNUARM-4.1.0/arm-elf/lib/libc.a(readr.o)
 .comment       0x0000033c       0x12 C:/cygwin/GNUARM-4.1.0/arm-elf/lib/libc.a(reent.o)

.debug_str      0x00000000     0x1a73
 .debug_str     0x00000000        0xe Lcd.o
 .debug_str     0x0000000e       0x12 Main.o
 .debug_str     0x00000020       0xa2 C:/cygwin/GNUARM-4.1.0/arm-elf/lib/libc.a(memcpy.o)
                                 0xc9 (size before relaxing)
 .debug_str     0x000000c2      0x3f9 C:/cygwin/GNUARM-4.1.0/arm-elf/lib/libc.a(rand.o)
                                0x4a0 (size before relaxing)
 .debug_str     0x000004bb       0x8c C:/cygwin/GNUARM-4.1.0/arm-elf/lib/libc.a(vsprintf.o)
                                0x4cf (size before relaxing)
 .debug_str     0x00000547       0x85 C:/cygwin/GNUARM-4.1.0/arm-elf/lib/libc.a(impure.o)
                                0x4af (size before relaxing)
 .debug_str     0x000005cc      0x1bf C:/cygwin/GNUARM-4.1.0/arm-elf/lib/libc.a(vfprintf.o)
                                0x69d (size before relaxing)
 .debug_str     0x0000078b       0x54 C:/cygwin/GNUARM-4.1.0/arm-elf/lib/libc.a(wcrtomb.o)
                                0x4d2 (size before relaxing)
 .debug_str     0x000007df       0x63 C:/cygwin/GNUARM-4.1.0/arm-elf/lib/libc.a(wcsrtombs.o)
                                0x4e7 (size before relaxing)
 .debug_str     0x00000842       0x62 C:/cygwin/GNUARM-4.1.0/arm-elf/lib/libc.a(wctomb_r.o)
                                0x4c7 (size before relaxing)
 .debug_str     0x000008a4       0x42 C:/cygwin/GNUARM-4.1.0/arm-elf/lib/libc.a(wsetup.o)
                                0x4ab (size before relaxing)
 .debug_str     0x000008e6      0x100 C:/cygwin/GNUARM-4.1.0/arm-elf/lib/libc.a(dtoa.o)
                                0x5a2 (size before relaxing)
 .debug_str     0x000009e6       0x3f C:/cygwin/GNUARM-4.1.0/arm-elf/lib/libc.a(fflush.o)
                                0x4bb (size before relaxing)
 .debug_str     0x00000a25      0x100 C:/cygwin/GNUARM-4.1.0/arm-elf/lib/libc.a(findfp.o)
                                0x595 (size before relaxing)
 .debug_str     0x00000b25      0x159 C:/cygwin/GNUARM-4.1.0/arm-elf/lib/libc.a(freer.o)
                                0x5e4 (size before relaxing)
 .debug_str     0x00000c7e       0x5a C:/cygwin/GNUARM-4.1.0/arm-elf/lib/libc.a(fvwrite.o)
                                0x506 (size before relaxing)
 .debug_str     0x00000cd8       0x5c C:/cygwin/GNUARM-4.1.0/arm-elf/lib/libc.a(fwalk.o)
                                0x4d6 (size before relaxing)
 .debug_str     0x00000d34      0x1bb C:/cygwin/GNUARM-4.1.0/arm-elf/lib/libc.a(locale.o)
                                0x63e (size before relaxing)
 .debug_str     0x00000eef      0x112 C:/cygwin/GNUARM-4.1.0/arm-elf/lib/libc.a(makebuf.o)
                                0x592 (size before relaxing)
 .debug_str     0x00001001       0xe9 C:/cygwin/GNUARM-4.1.0/arm-elf/lib/libc.a(mallocr.o)
                                0x692 (size before relaxing)
 .debug_str     0x000010ea       0x5a C:/cygwin/GNUARM-4.1.0/arm-elf/lib/libc.a(memchr.o)
                                0x120 (size before relaxing)
 .debug_str     0x00001144       0x4b C:/cygwin/GNUARM-4.1.0/arm-elf/lib/libc.a(memmove.o)
                                0x132 (size before relaxing)
 .debug_str     0x0000118f       0x4d C:/cygwin/GNUARM-4.1.0/arm-elf/lib/libc.a(memset.o)
                                0x113 (size before relaxing)
 .debug_str     0x000011dc       0x6b C:/cygwin/GNUARM-4.1.0/arm-elf/lib/libc.a(mlock.o)
                                0x4b8 (size before relaxing)
 .debug_str     0x00001247       0xd1 C:/cygwin/GNUARM-4.1.0/arm-elf/lib/libc.a(mprec.o)
                                0x58a (size before relaxing)
 .debug_str     0x00001318       0x61 C:/cygwin/GNUARM-4.1.0/arm-elf/lib/libc.a(reallocr.o)
                                0x564 (size before relaxing)
 .debug_str     0x00001379       0x97 C:/cygwin/GNUARM-4.1.0/arm-elf/lib/libc.a(s_isinf.o)
                                0x156 (size before relaxing)
 .debug_str     0x00001410       0x3e C:/cygwin/GNUARM-4.1.0/arm-elf/lib/libc.a(s_isnan.o)
                                0x156 (size before relaxing)
 .debug_str     0x0000144e       0x4e C:/cygwin/GNUARM-4.1.0/arm-elf/lib/libc.a(sbrkr.o)
                                0x4ac (size before relaxing)
 .debug_str     0x0000149c       0x67 C:/cygwin/GNUARM-4.1.0/arm-elf/lib/libc.a(stdio.o)
                                0x4de (size before relaxing)
 .debug_str     0x00001503       0x40 C:/cygwin/GNUARM-4.1.0/arm-elf/lib/libc.a(strcmp.o)
                                 0xf8 (size before relaxing)
 .debug_str     0x00001543       0x46 C:/cygwin/GNUARM-4.1.0/arm-elf/lib/libc.a(strlen.o)
                                0x112 (size before relaxing)
 .debug_str     0x00001589      0x258 C:/cygwin/GNUARM-4.1.0/arm-elf/lib/libc.a(syscalls.o)
                                0x79f (size before relaxing)
 .debug_str     0x000017e1       0x4a C:/cygwin/GNUARM-4.1.0/arm-elf/lib/libc.a(writer.o)
                                0x4af (size before relaxing)
 .debug_str     0x0000182b       0x19 C:/cygwin/GNUARM-4.1.0/arm-elf/lib/libc.a(callocr.o)
                                0x4e3 (size before relaxing)
 .debug_str     0x00001844       0x41 C:/cygwin/GNUARM-4.1.0/arm-elf/lib/libc.a(closer.o)
                                0x49f (size before relaxing)
 .debug_str     0x00001885       0x6d C:/cygwin/GNUARM-4.1.0/arm-elf/lib/libc.a(errno.o)
                                0x497 (size before relaxing)
 .debug_str     0x000018f2       0x49 C:/cygwin/GNUARM-4.1.0/arm-elf/lib/libc.a(fclose.o)
                                0x4b7 (size before relaxing)
 .debug_str     0x0000193b       0x47 C:/cygwin/GNUARM-4.1.0/arm-elf/lib/libc.a(fstatr.o)
                                0x573 (size before relaxing)
 .debug_str     0x00001982       0x41 C:/cygwin/GNUARM-4.1.0/arm-elf/lib/libc.a(lseekr.o)
                                0x4ad (size before relaxing)
 .debug_str     0x000019c3       0x3f C:/cygwin/GNUARM-4.1.0/arm-elf/lib/libc.a(readr.o)
                                0x4ad (size before relaxing)
 .debug_str     0x00001a02       0x71 C:/cygwin/GNUARM-4.1.0/arm-elf/lib/libc.a(reent.o)
                                0x4d4 (size before relaxing)

.debug_ranges   0x00000000      0x4d0
 .debug_ranges  0x00000000      0x150 C:/cygwin/GNUARM-4.1.0/arm-elf/lib/libc.a(vfprintf.o)
 .debug_ranges  0x00000150       0x28 C:/cygwin/GNUARM-4.1.0/arm-elf/lib/libc.a(wcsrtombs.o)
 .debug_ranges  0x00000178       0x48 C:/cygwin/GNUARM-4.1.0/arm-elf/lib/libc.a(wctomb_r.o)
 .debug_ranges  0x000001c0       0x18 C:/cygwin/GNUARM-4.1.0/arm-elf/lib/libc.a(fvwrite.o)
 .debug_ranges  0x000001d8       0x40 C:/cygwin/GNUARM-4.1.0/arm-elf/lib/libc.a(fwalk.o)
 .debug_ranges  0x00000218       0x50 C:/cygwin/GNUARM-4.1.0/arm-elf/lib/libc.a(mallocr.o)
 .debug_ranges  0x00000268      0x118 C:/cygwin/GNUARM-4.1.0/arm-elf/lib/libc.a(reallocr.o)
 .debug_ranges  0x00000380      0x118 C:/cygwin/GNUARM-4.1.0/arm-elf/lib/libc.a(syscalls.o)
 .debug_ranges  0x00000498       0x38 C:/cygwin/GNUARM-4.1.0/arm-elf/lib/libc.a(callocr.o)
